Executing action: monitor
Running idf_monitor in directory /home/corfu/mpc/corfu/15oct_build
Executing "/home/corfu/.espressif/python_env/idf5.2_py3.10_env/bin/python /home/corfu/esp/v5.2.3/esp-idf/tools/idf_monitor.py -p /dev/ttyUSB0 -b 115200 --toolchain-prefix xtensa-esp32-elf- --target esp32 --revision 0 /home/corfu/mpc/corfu/15oct_build/build/dpp-enrollee.elf -m '/home/corfu/.espressif/python_env/idf5.2_py3.10_env/bin/python' '/home/corfu/esp/v5.2.3/esp-idf/tools/idf.py'"...
ESP-ROM:esp32s3-20210327
Build:Mar 27 2021
rst:0x1 (POWERON),boot:0x8 (SPI_FAST_FLASH_BOOT)
SPIWP:0xee
mode:DIO, clock div:1
load:0x3fce3810,len:0x178c
load:0x403c9700,len:0x4
load:0x403c9704,len:0xcbc
load:0x403cc700,len:0x2da0
entry 0x403c9914
[0;32mI (27) boot: ESP-IDF v5.2.1-1-g18a3eebeba8-dirty 2nd stage bootloader[0m
[0;32mI (27) boot: compile time Oct 10 2024 11:29:45[0m
[0;32mI (28) boot: Multicore bootloader[0m
[0;32mI (32) boot: chip revision: v0.2[0m
[0;32mI (35) boot.esp32s3: Boot SPI Speed : 80MHz[0m
[0;32mI (40) boot.esp32s3: SPI Mode       : DIO[0m
[0;32mI (45) boot.esp32s3: SPI Flash Size : 2MB[0m
[0;32mI (50) boot: Enabling RNG early entropy source...[0m
[0;32mI (55) boot: Partition Table:[0m
[0;32mI (59) boot: ## Label            Usage          Type ST Offset   Length[0m
[0;32mI (66) boot:  0 nvs              WiFi data        01 02 00009000 00006000[0m
[0;32mI (73) boot:  1 phy_init         RF data          01 01 0000f000 00001000[0m
[0;32mI (81) boot:  2 factory          factory app      00 00 00010000 00100000[0m
[0;32mI (88) boot: End of partition table[0m
[0;32mI (93) esp_image: segment 0: paddr=00010020 vaddr=3c0a0020 size=28774h (165748) map[0m
[0;32mI (131) esp_image: segment 1: paddr=0003879c vaddr=3fc98000 size=04690h ( 18064) load[0m
[0;32mI (135) esp_image: segment 2: paddr=0003ce34 vaddr=40374000 size=031e4h ( 12772) load[0m
[0;32mI (139) esp_image: segment 3: paddr=00040020 vaddr=42000020 size=937f0h (604144) map[0m
[0;32mI (253) esp_image: segment 4: paddr=000d3818 vaddr=403771e4 size=10d5ch ( 68956) load[0m
[0;32mI (277) boot: Loaded app from partition at offset 0x10000[0m
[0;32mI (277) boot: Disabling RNG early entropy source...[0m
[0;32mI (289) cpu_start: Multicore app[0m
[0;32mI (299) cpu_start: Pro cpu start user code[0m
[0;32mI (299) cpu_start: cpu freq: 240000000 Hz[0m
[0;32mI (299) cpu_start: Application information:[0m
[0;32mI (302) cpu_start: Project name:     dpp-enrollee[0m
[0;32mI (308) cpu_start: App version:      v5.2.1-1-g18a3eebeba8-dirty[0m
[0;32mI (314) cpu_start: Compile time:     Oct 11 2024 11:52:01[0m
[0;32mI (320) cpu_start: ELF file SHA256:  3c8b8300d...[0m
[0;32mI (326) cpu_start: ESP-IDF:          v5.2.1-1-g18a3eebeba8-dirty[0m
[0;32mI (332) cpu_start: Min chip rev:     v0.0[0m
[0;32mI (337) cpu_start: Max chip rev:     v0.99 [0m
[0;32mI (342) cpu_start: Chip rev:         v0.2[0m
[0;32mI (347) heap_init: Initializing. RAM available for dynamic allocation:[0m
[0;32mI (354) heap_init: At 3FCA02F0 len 00049420 (293 KiB): RAM[0m
[0;32mI (360) heap_init: At 3FCE9710 len 00005724 (21 KiB): RAM[0m
[0;32mI (366) heap_init: At 3FCF0000 len 00008000 (32 KiB): DRAM[0m
[0;32mI (372) heap_init: At 600FE010 len 00001FD8 (7 KiB): RTCRAM[0m
[0;32mI (379) spi_flash: detected chip: gd[0m
[0;32mI (383) spi_flash: flash io: dio[0m
[0;33mW (387) spi_flash: Detected size(8192k) larger than the size in the binary image header(2048k). Using the size in the binary image header.[0m
[0;32mI (400) sleep: Configure to isolate all GPIO pins in sleep state[0m
[0;32mI (407) sleep: Enable automatic switching of GPIO sleep configuration[0m
[0;32mI (414) main_task: Started on CPU0[0m
[0;32mI (424) main_task: Calling app_main()[0m
[0;32mI (444) pp: pp rom version: e7ae62f[0m
[0;32mI (444) net80211: net80211 rom version: e7ae62f[0m
[0;32mI (454) wifi:wifi driver task: 3fcaa5bc, prio:23, stack:6656, core=0[0m
[0;32mI (464) wifi:wifi firmware version: a9f5b59[0m
[0;32mI (464) wifi:wifi certification version: v7.0[0m
[0;32mI (464) wifi:config NVS flash: enabled[0m
[0;32mI (464) wifi:config nano formating: disabled[0m
[0;32mI (464) wifi:Init data frame dynamic rx buffer num: 32[0m
[0;32mI (464) wifi:Init static rx mgmt buffer num: 5[0m
[0;32mI (474) wifi:Init management short buffer num: 32[0m
[0;32mI (474) wifi:Init dynamic tx buffer num: 32[0m
[0;32mI (484) wifi:Init static tx FG buffer num: 2[0m
[0;32mI (484) wifi:Init static rx buffer size: 1600[0m
[0;32mI (494) wifi:Init static rx buffer num: 10[0m
[0;32mI (494) wifi:Init dynamic rx buffer num: 32[0m
[0;32mI (494) wifi_init: rx ba win: 6[0m
[0;32mI (504) wifi_init: tcpip mbox: 32[0m
[0;32mI (504) wifi_init: udp mbox: 6[0m
[0;32mI (504) wifi_init: tcp mbox: 6[0m
[0;32mI (514) wifi_init: tcp tx win: 5760[0m
[0;32mI (514) wifi_init: tcp rx win: 5760[0m
[0;32mI (524) wifi_init: tcp mss: 1440[0m
[0;32mI (524) wifi_init: WiFi IRAM OP enabled[0m
[0;32mI (534) wifi_init: WiFi RX IRAM OP enabled[0m
[0;32mI (534) wpa: esp_dpp_task prio:2, stack:6656[0m
[0;32mI (584) wifi dpp-enrollee: Scan below QR Code to configure the enrollee:[0m
[0;32mI (584) QRCODE: Encoding below text with ECC LVL 0 & QR Code Version 10[0m
[0;32mI (584) QRCODE: DPP:C:81/6;M:84:fc:e6:7b:73:b8;K:MDkwEwYHKoZIzj0CAQYIKoZIzj0DAQcDIgADFUzYHsU/u6ZN9ZDo/bvqKBkuRjmJkQs70S93fKMUIts=;;[0m
                                              
  █▀▀▀▀▀█ █ ▄   ▀▀▀█▀█▄▄█▀ ▄▀▀▀█ ▄▀ █▀▀▀▀▀█   
  █ ███ █ ██  ▀▀▄ ▀▄▄  █▀█▀ █ █▀█▀  █ ███ █   
  █ ▀▀▀ █ ▄ █▀█ █ ▄▄██▀▄▄▀ ▀█▀▀██▄▀ █ ▀▀▀ █   
  ▀▀▀▀▀▀▀ ▀▄█ ▀ ▀▄█▄█▄▀▄▀ ▀ ▀ █▄▀▄█ ▀▀▀▀▀▀▀   
  ▀▀▄ █▀▀▄▄▄▄ ▄▄▀▄█ ▄ ▄▄█ ▀ ▀█▀▀▄ ▀▄▄▀▄███▀   
  ███ ▀▄▀▄ ▀ ▄█ ▄█▄█▄▄ ▄▀▀█▀ ▀▄▄ ▄▄ █▀▀  ▄▀   
   ▀▄▀█▄▀██▄  ▀█▀▀▄ ▀ ▄▄▀▄▄ ▄▄▄▀ ▀▀▄▄█▄ ▄█    
  ▀ █ █▄▀ █ ▄ ▄   ▀█▄▄▀█▀█▀  ▀███ ▄▀  ██ ▄█   
  ▄▀▀▄▀█▀    █▀▀▄▀▄▄  ▀▄▀█  ▀▄▀▀▀▀▀▀ ▀▄▄      
  █▀█ █▄▀▀▄█▄█▀█▀▀█ ▀▄ █ ▀▀▀▄▀ ▄▀▄ ▄▀ █▄▀▄█   
  ██  ▀▀▀ ▀▄█▀▄█▄▀▀ ▄ ▄▄██▄▀  █▀ ▄▀█  ▄█▀█    
   ▄█   ▀ █▀▀█▀ ▀█▄█▄ ███▀▀▀▄█ ▄▀▄  ▄  ▄▀▄█   
  ██▄▄██▀██▄  ▀█▄ █     ▀▄▀█▄▄▀▀▀ ▄▄▄ ▄▄█▀    
    ▄ ▀█▀ ████▄ ▄▀ █▄ ▀█ █▄ ▄▀██▄ ▄█ ▄ ▀▀ █   
  ▄█▄ ▀▀▀▄▀▄█ ▀█▀▀▄▄▀ ▄▄▀    ██▄▄█ ▀ ██▄      
    ▄ ▀▀▀▀▄▄█ ▄ ▄ ▀█▄▄▀▄▀█ ▀▄▀▄▄  ▀█ ▄▀█  ▀   
  ▀▀    ▀▀██▄▀▀▀ █▄▄▄█▀█▀ ▀▄▀█▀█▀ █▀▀▀██▀     
  █▀▀▀▀▀█ ▄▄█▀▀█▀▀▄ ▀▄ █▀██▀▄▀█▄▄▀█ ▀ █ ▀ ▀   
  █ ███ █ ▀█  ▄█▄▀▀▄▄  ███▄ ▀▄▄ ▄██▀▀█▀▄ █▄   
  █ ▀▀▀ █ ▄█▄█▀ ▄█▄█▄ ▄▄ ▀█▀ ▀█▄█▄█  █ ▄ ▄█   
  ▀▀▀▀▀▀▀ ▀▀  ▀      ▀  ▀ ▀▀   ▀ ▀▀ ▀    ▀    
                                              

[0;32mI (854) phy_init: phy_version 640,cd64a1a,Jan 24 2024,17:28:12[0m
[0;32mI (904) wifi:mode : sta (84:fc:e6:7b:73:b8)[0m
[0;32mI (904) wifi:enable tsf[0m
[0;32mI (904) wifi dpp-enrollee: Started listening for DPP Authentication[0m
[0;32mI (3444) wpa: DPP: Authentication Request from 1e:86:11:86:c3:b0[0m
[0;32mI (3714) wpa: DPP: Sending auth resp frame[0m
[0;32mI (3724) wpa: DPP: Authentication Confirmation from 1e:86:11:86:c3:b0[0m
[0;32mI (3734) wpa: DPP: GAS request to 1e:86:11:86:c3:b0 (chan 6)[0m
[0;32mI (3744) wifi dpp-enrollee: DPP successful, connecting to AP : TP-Link_7E5B[0m
[0;32mI (3754) wifi:new:<3,1>, old:<1,0>, ap:<255,255>, sta:<3,1>, prof:1[0m
[0;32mI (3754) wifi:state: init -> auth (b0)[0m
[0;32mI (3754) wifi:state: auth -> assoc (0)[0m
[0;32mI (3764) wifi:state: assoc -> run (10)[0m
[0;33mW (3804) wifi:[ADDBA]rx delba, code:39, delete tid:0[0m
[0;32mI (3874) wifi:connected with TP-Link_7E5B, aid = 2, channel 3, 40U, bssid = 98:25:4a:22:7e:5b[0m
[0;32mI (3874) wifi:security: WPA2-PSK, phy: bgn, rssi: -34[0m
[0;32mI (3884) wifi:pm start, type: 1[0m

[0;32mI (3884) wifi:dp: 1, bi: 102400, li: 3, scale listen interval from 307200 us to 307200 us[0m
[0;32mI (3894) wifi:set rx beacon pti, rx_bcn_pti: 0, bcn_timeout: 25000, mt_pti: 0, mt_time: 10000[0m
[0;32mI (3914) wifi:<ba-add>idx:0 (ifx:0, 98:25:4a:22:7e:5b), tid:0, ssn:3, winSize:64[0m
[0;32mI (3924) wifi:AP's beacon interval = 102400 us, DTIM period = 1[0m
[0;33mW (4034) wifi:[ADDBA]rx delba, code:39, delete tid:0[0m
[0;32mI (4034) wifi:<ba-del>idx:0, tid:0[0m
[0;32mI (4424) wifi:<ba-add>idx:0 (ifx:0, 98:25:4a:22:7e:5b), tid:0, ssn:4, winSize:64[0m
[0;32mI (5404) esp_netif_handlers: sta ip: 192.168.0.101, mask: 255.255.255.0, gw: 192.168.0.1[0m
[0;32mI (5404) wifi dpp-enrollee: got ip:192.168.0.101[0m
[0;32mI (5404) wifi dpp-enrollee: connected to ap SSID:TP-Link_7E5B password:04868309[0m
[0;32mI (5414) main_task: Returned from app_main()[0m
